[votesaveamerica.com/forthepeople/index.html]
[backblue.gif]
[fade.gif]
[index.html]
[votesaveamerica.com/wp-includes/css/dist/block-library/style.min40df.css]
[votesaveamerica.com/es/forthepeople/index.html]
[votesaveamerica.com/wp-content/themes/vsa/compiled/main37c4.css]
[votesaveamerica.com/wp-json/wp/v2/pages/5421.json]
[votesaveamerica.com/xmlrpc0db0.php]
[votesaveamerica.com/wp-includes/wlwmanifest.xml]
[votesaveamerica.com/wp-json/index.html]
[votesaveamerica.com/wp-json/oembed/1.0/embed0ad0.json]
[votesaveamerica.com/wp-json/oembed/1.0/embed9b58]
[votesaveamerica.com/wp-content/uploads/2020/01/cropped-favicon-32x32.png]
[votesaveamerica.com/wp-content/uploads/2020/01/cropped-favicon-192x192.png]
[votesaveamerica.com/wp-content/uploads/2020/01/cropped-favicon-180x180.png]
[res.cloudinary.com/crooked-media/image/upload/f_auto/c_scale,w_1,h_1/v1614137517/for-the-people-hero-desktop-scaled_vh6ltq.png]
[res.cloudinary.com/crooked-media/image/upload/f_auto/c_scale,w_1,h_1/v1614137465/for-the-people-hero-mobile_amqqxq.png]
[res.cloudinary.com/crooked-media/image/upload/v1579637889/the-candidates-stciker_yzgjju.png]
[res.cloudinary.com/crooked-media/image/upload/v1614117508/how-this-bill-becomes-law_yclg6x.jpg]
[res.cloudinary.com/crooked-media/image/upload/v1586808529/phone-bg-v2_dhklst.jpg]
[res.cloudinary.com/crooked-media/image/upload/v1586801197/sticker-5_xfkrxk.png]
[res.cloudinary.com/crooked-media/image/upload/v1614122167/finance_hvc4bm.png]
[res.cloudinary.com/crooked-media/image/upload/v1614122332/ethics-reform-scale_pmfrgq.png]
[res.cloudinary.com/crooked-media/image/upload/f_auto,q_auto/c_scale,w_1,h_1/v1614121124/stand-up-america-logo_vnluut.png]
[res.cloudinary.com/crooked-media/image/upload/f_auto,q_auto/c_scale,w_1,h_1/v1614121125/indivisible-logo_zl8lai.png]
[res.cloudinary.com/crooked-media/image/upload/f_auto,q_auto/c_scale,w_1,h_1/v1614121125/brennan-center-logo_u66rz3.png]
[votesaveamerica.com/forthepeople/index.html]
[votesaveamerica.com/wp-includes/js/wp-embed.min40df.js]
[votesaveamerica.com/wp-content/themes/vsa/compiled/js/app37c4.js]
[votesaveamerica.com/wp-json/oembed/1.0/embedc3f2.json]
[votesaveamerica.com/es/forthepeople/index.html]
[votesaveamerica.com/wp-json/oembed/1.0/embedd233]
[votesaveamerica.com/index.html]
[s.w.org/index.html]
[votesaveamerica.com/xmlrpc0db0.html]
[votesaveamerica.com/indexf7f0.html]
[votesaveamerica.com/es/indexf7f0.html]
[www.googletagmanager.com/gtm5445.html]
[votesaveamerica.com/wp-json/index.html]
[votesaveamerica.com/index.html]
[votesaveamerica.com/wp-includes/css/dist/block-library/style.min40df.css]
[votesaveamerica.com/wp-content/themes/vsa/webfonts/gtamerica/GT-America-Standard-Bold.1a.delayed]
[res.cloudinary.com/crooked-media/image/upload/v1614117508/how-this-bill-becomes-law_yclg6x.jpg]
[res.cloudinary.com/crooked-media/image/upload/f_auto/c_scale,w_1,h_1/v1614137517/for-the-people-hero-desktop-scaled_vh6ltq.png]
[res.cloudinary.com/crooked-media/image/upload/v1586808529/phone-bg-v2_dhklst.jpg]
[votesaveamerica.com/wp-content/themes/vsa/webfonts/gtamerica/GT-America-Standard-Bold-Italic.1b.delayed]
[votesaveamerica.com/wp-content/themes/vsa/webfonts/gtamerica/GT-America-Standard-Black.svg]
[res.cloudinary.com/crooked-media/image/upload/v1614122167/finance_hvc4bm.png]
[res.cloudinary.com/crooked-media/image/upload/v1586801197/sticker-5_xfkrxk.png]
[res.cloudinary.com/crooked-media/image/upload/v1614122332/ethics-reform-scale_pmfrgq.png]
[votesaveamerica.com/wp-content/themes/vsa/webfonts/gtamerica/GT-America-Standard-Black-Italic.1d.delayed]
[votesaveamerica.com/wp-content/themes/vsa/webfonts/gtamerica/GT-America-Condensed-Bold.svg]
[res.cloudinary.com/crooked-media/image/upload/f_auto,q_auto/c_scale,w_1,h_1/v1614121124/stand-up-america-logo_vnluut.png]
[res.cloudinary.com/crooked-media/image/upload/f_auto,q_auto/c_scale,w_1,h_1/v1614121125/indivisible-logo_zl8lai.png]
[res.cloudinary.com/crooked-media/image/upload/f_auto,q_auto/c_scale,w_1,h_1/v1614121125/brennan-center-logo_u66rz3.png]
[votesaveamerica.com/wp-content/themes/vsa/webfonts/gtamerica/GT-America-Condensed-Bold-Italic.svg]
[votesaveamerica.com/wp-content/themes/vsa/webfonts/gtamerica/GT-America-Condensed-Black.svg]
[votesaveamerica.com/wp-content/themes/vsa/webfonts/gtamerica/GT-America-Condensed-Black-Italic.svg]
[votesaveamerica.com/wp-content/themes/vsa/images/icon-external-link-white.svg]
[votesaveamerica.com/wp-content/themes/vsa/images/icon-external-link.svg]
[votesaveamerica.com/wp-content/themes/vsa/images/gradient-mobile.png]
[votesaveamerica.com/wp-content/themes/vsa/images/gradient-desktop.png]
[votesaveamerica.com/wp-content/themes/vsa/images/graphic-line-red.png]
[votesaveamerica.com/wp-content/themes/vsa/images/graphic-squiggle.svg]
[votesaveamerica.com/wp-content/themes/vsa/images/swirl-alt.svg]
[votesaveamerica.com/wp-content/themes/vsa/images/graphic-drawn-circle.png]
[votesaveamerica.com/wp-content/themes/vsa/images/rainbow-strip-small.svg]
[votesaveamerica.com/wp-content/themes/vsa/images/rainbow-strip-large.svg]
[votesaveamerica.com/wp-content/themes/vsa/images/icon-cta-arrow.svg]
[votesaveamerica.com/wp-content/themes/vsa/compiled/main37c4.css]
[votesaveamerica.com/wp-content/themes/vsa/images/swirl.svg]
[votesaveamerica.com/xmlrpc0db0.html]
[votesaveamerica.com/indexf7f0.html]
[votesaveamerica.com/wp-content/themes/vsa/compiled/js/app37c4.js]
[votesaveamerica.com/forthepeople/Trident/index.html]
[votesaveamerica.com/wp-includes/js/wp-embed.min40df.js]
[votesaveamerica.com/forthepeople/Edge/index.html]
[votesaveamerica.com/forthepeople/Gecko/index.html]
[votesaveamerica.com/wp-content/themes/vsa/webfonts/gtamerica/GT-America-Standard-Bold.html]
[votesaveamerica.com/forthepeople/Firefox/index.html]
[votesaveamerica.com/wp-content/themes/vsa/webfonts/gtamerica/GT-America-Standard-Bold-Italic.html]
[votesaveamerica.com/forthepeople/Version/index.html]
[votesaveamerica.com/wp-content/themes/vsa/webfonts/gtamerica/GT-America-Standard-Black.html]
[votesaveamerica.com/wp-content/themes/vsa/webfonts/gtamerica/GT-America-Standard-Black-Italic.html]
[votesaveamerica.com/wp-content/themes/vsa/webfonts/gtamerica/GT-America-Condensed-Bold.html]
[votesaveamerica.com/wp-content/themes/vsa/webfonts/gtamerica/GT-America-Condensed-Bold-Italic.html]
[votesaveamerica.com/wp-content/themes/vsa/webfonts/gtamerica/GT-America-Condensed-Black.html]
[votesaveamerica.com/wp-content/themes/vsa/webfonts/gtamerica/GT-America-Condensed-Black-Italic.html]
[votesaveamerica.com/wp-content/themes/vsa/images/icon-external-link-white.svg]
[votesaveamerica.com/wp-content/themes/vsa/images/icon-external-link.svg]
[votesaveamerica.com/wp-content/themes/vsa/images/graphic-squiggle.svg]
[votesaveamerica.com/wp-content/themes/vsa/images/swirl-alt.svg]
[votesaveamerica.com/wp-content/themes/vsa/images/rainbow-strip-small.svg]
[votesaveamerica.com/wp-content/themes/vsa/images/rainbow-strip-large.svg]
[votesaveamerica.com/wp-content/themes/vsa/images/icon-cta-arrow.svg]
[votesaveamerica.com/wp-content/themes/vsa/images/swirl.svg]
[votesaveamerica.com/forthepeople/Trident/index.html]
[votesaveamerica.com/forthepeople/Edge/index.html]
[votesaveamerica.com/forthepeople/Gecko/index.html]
[votesaveamerica.com/forthepeople/Firefox/index.html]
[votesaveamerica.com/forthepeople/Version/index.html]
[votesaveamerica.com/forthepeople/version/index-2.html]
[votesaveamerica.com/forthepeople/version/index-2.html]
[votesaveamerica.com/wp-content/themes/vsa/images/graphic-line-red.png]
[votesaveamerica.com/forthepeople/; path=/index.html]
[votesaveamerica.com/forthepeople/; path=/index.html]
